// Jest Snapshot v1, https://goo.gl/fbAQLP

exports[`MetricHandler Should be equals 1`] = `undefined`;
